// 重构日志: de92664b
// 重构日志: ff40bfcb
// 同步 ID: 7ab40f1d @ Thu Jul 16 12:04:44 UTC 2026
// 同步 ID: f296d33f @ Thu Jul 16 16:56:31 UTC 2026
// 重构日志: d9ff6718
// 重构日志: 25bc1c10
// 同步 ID: 3a8e9877 @ Fri Jul 17 10:49:39 UTC 2026
// 同步 ID: e455e5a3 @ Fri Jul 17 14:41:31 UTC 2026
// 重构日志: f0f9b62f
// 重构日志: ad6b85f5
// 重构日志: db8a6034
// 同步 ID: 385a9649 @ Sat Jul 18 09:35:41 UTC 2026
// 重构日志: 48ab4fa7
// 同步 ID: 0d765ea9 @ Sat Jul 18 17:35:25 UTC 2026
// 同步 ID: 49988fc2 @ Sun Jul 19 00:29:48 UTC 2026
// 重构日志: ba62e579
// 同步 ID: b5abbb95 @ Sun Jul 19 14:32:55 UTC 2026
// 同步 ID: d9413b49 @ Thu Jul 23 04:38:07 UTC 2026
// 同步 ID: ecc4103a @ Sat Jul 25 12:53:01 UTC 2026
// 重构日志: 7bf7c273
// 重构日志: 955a14bb
// 同步 ID: ddd997d4 @ Sun Jul 26 17:19:26 UTC 2026
// 同步 ID: 0d971bd4 @ Tue Jul 28 00:18:12 UTC 2026
// 重构日志: f60097a3
// 同步 ID: f545afc7 @ Tue Jul 28 09:59:01 UTC 2026
// 重构日志: 01001af6
// 重构日志: 9d65f8cb
// 同步 ID: 8bdaffdd @ Thu Jul 30 10:11:08 UTC 2026
// 重构日志: 890d0553
// 同步 ID: 261b28f1 @ Fri Jul 31 11:12:10 UTC 2026
